****************************************
Report : power
        -significant_digits 2
Design : switch_4port
Version: V-2023.12-SP3
Date   : Sat Jan 17 21:07:00 2026
****************************************
Information: Activity propagation will be performed for scenario FUNC_Slow.
Information: Doing activity propagation for mode 'FUNC' and corner 'Slow' with effort level 'medium'. (POW-024)
Information: Timer-derived activity data is cached on scenario FUNC_Slow (POW-052)
Infomation: Fast mode activity propagation power.rtl_activity_annotation setup is ignored. Always use accurate mode.
Information: Running switching activity propagation with 4 threads!

 **** Information : No. of simulation cycles = 6 ****
Mode: FUNC
Corner: Slow
Scenario: FUNC_Slow
Voltage: 0.75
Temperature: 125.00

Voltage Unit         : 1V
Capacitance Unit     : 1fF
Time Unit            : 1ns
Temperature Unit     : 1C
Dynamic Power Unit   : 1pW
Leakage Power Unit   : 1pW

Switched supply net power scaling:
scaling for leakage power

Supply nets:
VDD (power) probability 1.00 (default)
VSS (ground) probability 1.00 (default)
Warning: Power table extrapolation (extrapolation mode) for port Y on cell HFSBUF_142_536 for parameter Tinp. Lowest table value = 0.016000, highest table value = 1.024000, value = 0.002422 (POW-046)
Warning: Power table extrapolation (extrapolation mode) for port A1 on cell SWITCH_UNIT_MASTER_CONTROL[3].u_switch_port/ctmi_66 for parameter Tinp. Lowest table value = 0.016000, highest table value = 1.024000, value = 0.000076 (POW-046)
Warning: Power table extrapolation (extrapolation mode) for port A2 on cell SWITCH_UNIT_MASTER_CONTROL[3].u_switch_port/ctmi_66 for parameter Tinp. Lowest table value = 0.016000, highest table value = 1.024000, value = 0.000076 (POW-046)
Warning: Power table extrapolation (extrapolation mode) for port A3 on cell SWITCH_UNIT_MASTER_CONTROL[3].u_switch_port/ctmi_66 for parameter Tinp. Lowest table value = 0.016000, highest table value = 1.024000, value = 0.000076 (POW-046)
Warning: Power table extrapolation (extrapolation mode) for port Y on cell SWITCH_UNIT_MASTER_CONTROL[3].u_switch_port/ctmi_66 for parameter Tinp. Lowest table value = 0.016000, highest table value = 1.024000, value = 0.000076 (POW-046)
Warning: Power table extrapolation (extrapolation mode) for port A1 on cell SWITCH_UNIT_MASTER_CONTROL[3].u_switch_port/ctmi_67 for parameter Tinp. Lowest table value = 0.016000, highest table value = 1.024000, value = 0.000057 (POW-046)
Warning: Power table extrapolation (extrapolation mode) for port A2 on cell SWITCH_UNIT_MASTER_CONTROL[3].u_switch_port/ctmi_67 for parameter Tinp. Lowest table value = 0.016000, highest table value = 1.024000, value = 0.000057 (POW-046)
Warning: Power table extrapolation (extrapolation mode) for port A3 on cell SWITCH_UNIT_MASTER_CONTROL[3].u_switch_port/ctmi_67 for parameter Tinp. Lowest table value = 0.016000, highest table value = 1.024000, value = 0.000057 (POW-046)
Warning: Power table extrapolation (extrapolation mode) for port A4 on cell SWITCH_UNIT_MASTER_CONTROL[3].u_switch_port/ctmi_67 for parameter Tinp. Lowest table value = 0.016000, highest table value = 1.024000, value = 0.000057 (POW-046)
Warning: Power table extrapolation (extrapolation mode) for port Y on cell SWITCH_UNIT_MASTER_CONTROL[3].u_switch_port/ctmi_67 for parameter Tinp. Lowest table value = 0.016000, highest table value = 1.024000, value = 0.000057 (POW-046)
Note - message 'POW-046' limit (10) exceeded. Remainder will be suppressed.

  Cell Internal Power    = 1.43e+08 pW ( 98.6%)
  Net Switching Power    = 2.10e+06 pW (  1.4%)
Total Dynamic Power      = 1.45e+08 pW (100.0%)

Cell Leakage Power       = 1.06e+08 pW


  Attributes
  ----------
      u  -  User defined power group
      i  -  Includes clock pin internal power

Power Group         Internal Power        Switching Power          Leakage Power            Total Power    (   %  )    Attrs
-----------------------------------------------------------------------------------------------------------------------------
io_pad                    0.00e+00               0.00e+00               0.00e+00               0.00e+00    (  0.0%)         
memory                    0.00e+00               0.00e+00               0.00e+00               0.00e+00    (  0.0%)         
black_box                 0.00e+00               0.00e+00               0.00e+00               0.00e+00    (  0.0%)         
clock_network             1.29e+08               0.00e+00               0.00e+00               1.29e+08    ( 51.7%)        i
register                  1.16e+07               3.07e+05               6.99e+07               8.18e+07    ( 32.7%)         
sequential                0.00e+00               0.00e+00               0.00e+00               0.00e+00    (  0.0%)         
combinational             1.87e+06               1.79e+06               3.56e+07               3.93e+07    ( 15.7%)         
-----------------------------------------------------------------------------------------------------------------------------
Total                     1.43e+08 pW            2.10e+06 pW            1.06e+08 pW            2.50e+08 pW
1
