****************************************
Report : power
        -significant_digits 2
Design : switch_4port
Version: V-2023.12-SP3
Date   : Sat Jan 17 20:58:25 2026
****************************************
Information: Activity propagation will be performed for scenario FUNC_Slow.
Information: Doing activity propagation for mode 'FUNC' and corner 'Slow' with effort level 'medium'. (POW-024)
Information: Timer-derived activity data is cached on scenario FUNC_Slow (POW-052)
Infomation: Fast mode activity propagation power.rtl_activity_annotation setup is ignored. Always use accurate mode.
Information: Running switching activity propagation with 4 threads!

 **** Information : No. of simulation cycles = 6 ****
Mode: FUNC
Corner: Slow
Scenario: FUNC_Slow
Voltage: 0.75
Temperature: 125.00

Voltage Unit         : 1V
Capacitance Unit     : 1fF
Time Unit            : 1ns
Temperature Unit     : 1C
Dynamic Power Unit   : 1pW
Leakage Power Unit   : 1pW

Switched supply net power scaling:
scaling for leakage power

Supply nets:
VDD (power) probability 1.00 (default)
VSS (ground) probability 1.00 (default)
Warning: Power table extrapolation (extrapolation mode) for port D on cell SWITCH_UNIT_MASTER_CONTROL[1].u_switch_port/u_Master_Control_unit/u_d_ff/dout_reg[0] for parameter Tinp. Lowest table value = inf, highest table value = inf, value = 0.065365 (POW-046)
Warning: Power table extrapolation (extrapolation mode) for port D on cell SWITCH_UNIT_MASTER_CONTROL[3].u_switch_port/u_Master_Control_unit/u_d_ff/dout_reg[0] for parameter Tinp. Lowest table value = inf, highest table value = inf, value = 0.055103 (POW-046)
Warning: Power table extrapolation (extrapolation mode) for port D on cell SWITCH_UNIT_MASTER_CONTROL[0].u_switch_port/u_Master_Control_unit/u_d_ff/dout_reg[0] for parameter Tinp. Lowest table value = inf, highest table value = inf, value = 0.062332 (POW-046)
Warning: Power table extrapolation (extrapolation mode) for port D on cell SWITCH_UNIT_MASTER_CONTROL[2].u_switch_port/u_Master_Control_unit/u_d_ff/dout_reg[0] for parameter Tinp. Lowest table value = inf, highest table value = inf, value = 0.057182 (POW-046)
Warning: Power table extrapolation (extrapolation mode) for port CLK on cell SWITCH_UNIT_MASTER_CONTROL[1].u_switch_port/u_Master_Control_unit/u_d_ff/dout_reg[0] for parameter Tinp. Lowest table value = 0.016000, highest table value = 1.024000, value = 0.000000 (POW-046)
Warning: Power table extrapolation (extrapolation mode) for port CLK on cell SWITCH_UNIT_MASTER_CONTROL[3].u_switch_port/u_Master_Control_unit/u_d_ff/dout_reg[0] for parameter Tinp. Lowest table value = 0.016000, highest table value = 1.024000, value = 0.000000 (POW-046)
Warning: Power table extrapolation (extrapolation mode) for port Q on cell SWITCH_UNIT_MASTER_CONTROL[1].u_switch_port/u_Master_Control_unit/u_d_ff/dout_reg[0] for parameter Tinp. Lowest table value = 0.016000, highest table value = 1.024000, value = 0.000000 (POW-046)
Warning: Power table extrapolation (extrapolation mode) for port CLK on cell SWITCH_UNIT_MASTER_CONTROL[2].u_switch_port/u_Master_Control_unit/u_d_ff/dout_reg[0] for parameter Tinp. Lowest table value = 0.016000, highest table value = 1.024000, value = 0.000000 (POW-046)
Warning: Power table extrapolation (extrapolation mode) for port CLK on cell SWITCH_UNIT_MASTER_CONTROL[0].u_switch_port/u_Master_Control_unit/u_d_ff/dout_reg[0] for parameter Tinp. Lowest table value = 0.016000, highest table value = 1.024000, value = 0.000000 (POW-046)
Warning: Power table extrapolation (extrapolation mode) for port Q on cell SWITCH_UNIT_MASTER_CONTROL[2].u_switch_port/u_Master_Control_unit/u_d_ff/dout_reg[0] for parameter Tinp. Lowest table value = 0.016000, highest table value = 1.024000, value = 0.000000 (POW-046)
Note - message 'POW-046' limit (10) exceeded. Remainder will be suppressed.

  Cell Internal Power    = 3.77e+07 pW ( 92.6%)
  Net Switching Power    = 3.02e+06 pW (  7.4%)
Total Dynamic Power      = 4.07e+07 pW (100.0%)

Cell Leakage Power       = 9.31e+07 pW


  Attributes
  ----------
      u  -  User defined power group
      i  -  Includes clock pin internal power

Power Group         Internal Power        Switching Power          Leakage Power            Total Power    (   %  )    Attrs
-----------------------------------------------------------------------------------------------------------------------------
io_pad                    0.00e+00               0.00e+00               0.00e+00               0.00e+00    (  0.0%)         
memory                    0.00e+00               0.00e+00               0.00e+00               0.00e+00    (  0.0%)         
black_box                 0.00e+00               0.00e+00               0.00e+00               0.00e+00    (  0.0%)         
clock_network             2.22e+07               1.29e+06               1.09e+06               2.46e+07    ( 18.4%)        i
register                  1.39e+07               2.91e+05               6.94e+07               8.36e+07    ( 62.5%)         
sequential                0.00e+00               0.00e+00               0.00e+00               0.00e+00    (  0.0%)         
combinational             1.59e+06               1.44e+06               2.26e+07               2.56e+07    ( 19.2%)         
-----------------------------------------------------------------------------------------------------------------------------
Total                     3.77e+07 pW            3.02e+06 pW            9.31e+07 pW            1.34e+08 pW
1
